I'm sorry, but errors were detected in your script. Please correct the
errors listed below, and try again.


File "game/scripts/Effects/effects.rpy", line 2: expected statement.
    deine slowdis = {"master": Dissolve(1.5)}
                  ^

Ren'Py Version: Ren'Py 8.3.2.24090902
Wed Nov 27 21:15:59 2024
